// Jest Snapshot v1, https://goo.gl/fbAQLP

exports[`autoSql parser resolves symbolic 1`] = `
Object {
  "comment": "example of enum and set symbolic columns",
  "fields": Array [
    Object {
      "comment": "unique id",
      "name": "id",
      "type": "int",
    },
    Object {
      "comment": "enumerated column",
      "name": "sex",
      "type": "enum",
      "vals": Array [
        "male",
        "female",
      ],
    },
    Object {
      "comment": "set column",
      "name": "skills",
      "type": "set",
      "vals": Array [
        "cProg",
        "javaProg",
        "pythonProg",
        "awkProg",
      ],
    },
  ],
  "name": "symbolCols",
  "type": "table",
}
`;

exports[`autoSql shapres resolves multiple values 1`] = `
Object {
  "comment": "A three dimensional point",
  "fields": Array [
    Object {
      "comment": "Horizontal coordinate",
      "name": "x",
      "type": "float",
    },
    Object {
      "comment": "Vertical coordinate",
      "name": "y",
      "type": "float",
    },
    Object {
      "comment": "In/out of screen coordinate",
      "name": "z",
      "type": "float",
    },
  ],
  "name": "point",
  "type": "simple",
}
`;

exports[`autoSql shapres resolves multiple values 2`] = `
Object {
  "comment": "A red/green/blue format color",
  "fields": Array [
    Object {
      "comment": "Red value 0-255",
      "name": "red",
      "type": "ubyte",
    },
    Object {
      "comment": "Green value 0-255",
      "name": "green",
      "type": "ubyte",
    },
    Object {
      "comment": "Blue value 0-255",
      "name": "blue",
      "type": "ubyte",
    },
  ],
  "name": "color",
  "type": "simple",
}
`;

exports[`autoSql shapres resolves multiple values 3`] = `
Object {
  "comment": "A face of a three dimensional solid",
  "fields": Array [
    Object {
      "comment": "Color of this face",
      "name": "color",
      "type": "simple color",
    },
    Object {
      "comment": "Number of points in this polygon",
      "name": "pointCount",
      "type": "int",
    },
    Object {
      "comment": "Indices of points that make up face in polyhedron point array",
      "name": "points",
      "size": "pointCount",
      "type": "uint",
    },
  ],
  "name": "face",
  "type": "object",
}
`;

exports[`autoSql shapres resolves multiple values 4`] = `
Object {
  "comment": "A solid three dimensional object",
  "fields": Array [
    Object {
      "comment": "Number of faces",
      "name": "faceCount",
      "type": "int",
    },
    Object {
      "comment": "List of faces",
      "name": "faces",
      "size": "faceCount",
      "type": "object face",
    },
    Object {
      "comment": "Number of points",
      "name": "pointCount",
      "type": "int",
    },
    Object {
      "comment": "Array of points",
      "name": "points",
      "size": "pointCount",
      "type": "simple point",
    },
  ],
  "name": "polyhedron",
  "type": "table",
}
`;
